    block state_wb: 56873 S1 35s
    block state_mh: 191679 S1 133s
    block state_ap: 73309 S1 55s
    block state_gj: 57448 S1 37s
    block state_dl: 121359 S1 82s
    block state_kl: 35376 S1 19s
    block state_ka: 70109 S1 45s
    block state_up: 73643 S1 47s
    block state_hr: 35845 S1 20s
    block state_rj: 32186 S1 17s
    block state_br: 22852 S1 11s
    block state_mp: 22512 S1 11s
    block state_tn: 63297 S1 39s
  blocking India: 883188 x 4133346 -> 22384067 pairs (25.3/S1), 65 geo blocks, 692s
    block state_nc: 94673 S1 81s
    block state_ok: 22719 S1 14s
    block state_az: 56535 S1 46s
    block state_md: 40686 S1 30s
    block state_oh: 85283 S1 73s
    block state_tn: 59651 S1 48s
    block state_in: 49503 S1 38s
    block state_wi: 31434 S1 22s
    block state_ut: 23122 S1 15s
    block state_mn: 31135 S1 21s
    block state_va: 59670 S1 49s
    block state_mo: 25953 S1 17s
    block state_wa: 49746 S1 38s
    block state_ma: 56804 S1 49s
    block state_il: 75660 S1 65s
    block state_ny: 102340 S1 89s
    block state_tx: 133202 S1 114s
    block state_ca: 37541 S1 27s
    block state_al: 32596 S1 22s
    block state_ia: 22479 S1 14s
    block state_ky: 29475 S1 20s
    block state_ar: 27099 S1 18s
    block state_or: 30026 S1 20s
  blocking US: 1323633 x 6186873 -> 31379032 pairs (23.7/S1), 49 geo blocks, 1162s
train: 53763099 candidate pairs for 2206821 S1 (24.4/S1) in 1864s
